cargo : warning: field `username` is 
never read
At line:1 char:1
+ cargo check --package server 
2>a:\p2p-chat\build_errors.txt; Get-Cont 
...
+ ~~~~~~~~~~~~~~~~~~~~~~~~~~~~~~~~~~~~~~~~
~~~~~~~~~~~~~~~~~~~
    + CategoryInfo          : NotSpecifie 
   d: (warning: field `username` is neve  
  r read:String) [], RemoteException
    + FullyQualifiedErrorId : NativeComma 
   ndError
 
   --> apps\server\src\auth.rs:216:9
    |
214 | pub struct AuthUser {
    |            -------- field in this 
struct
215 |     pub id: Uuid,
216 |     pub username: String,
    |         ^^^^^^^^
    |
    = note: `AuthUser` has derived impls 
for the traits `Clone` and `Debug`, but 
these are intentionally ignored during 
dead code analysis
    = note: `#[warn(dead_code)]` (part of 
`#[warn(unused)]`) on by default

warning: struct `Friendship` is never 
constructed
  --> apps\server\src\models.rs:39:12
   |
39 | pub struct Friendship {
   |            ^^^^^^^^^^

warning: struct `ServerMember` is never 
constructed
  --> apps\server\src\models.rs:86:12
   |
86 | pub struct ServerMember {
   |            ^^^^^^^^^^^^

warning: `server` (bin "server") 
generated 3 warnings
    Finished `dev` profile [unoptimized + 
debuginfo] target(s) in 10.38s
warning: the following packages contain 
code that will be rejected by a future 
version of Rust: sqlx-postgres v0.7.4
note: to see what the problems were, use 
the option `--future-incompat-report`, or 
run `cargo report 
future-incompatibilities --id 1`
